
> moka-pos-website@0.1.0 build
> next build

Γû▓ Next.js 16.1.1 (Turbopack)
- Environments: .env.local

  Creating an optimized production build ...
Γ£ô Compiled successfully in 6.8s
  Running TypeScript ...
  Collecting page data using 7 workers ...
  Generating static pages using 7 workers (0/15) ...
  Generating static pages using 7 workers (3/15) 
  Generating static pages using 7 workers (7/15) 
  Generating static pages using 7 workers (11/15) 
Γ£ô Generating static pages using 7 workers (15/15) in 1072.9ms
  Finalizing page optimization ...

Route (app)
Γöî Γùï /
Γö£ Γùï /_not-found
Γö£ ╞Æ /api/orders
Γö£ ╞Æ /api/payment/create-transaction
Γö£ ╞Æ /api/payment/notification
Γö£ ╞Æ /api/payment/record
Γö£ ╞Æ /api/payment/status
Γö£ ╞Æ /api/products
Γö£ ╞Æ /api/test-checkout
Γö£ ╞Æ /api/test-moka
Γö£ Γùï /checkout
Γö£ Γùï /order-success
Γöö ╞Æ /products


Γùï  (Static)   prerendered as static content
╞Æ  (Dynamic)  server-rendered on demand

